
================================================================================
  PROJECT AURORA - ML-POWERED ORCHESTRATOR
================================================================================
  Features:
  * RFM Analysis + Hierarchical Clustering
  * XGBoost Churn Prediction + LightGBM Engagement Models
  * Multi-Armed Bandit (Thompson Sampling)
  * Survival Analysis for Timing Optimization
  * NLP-Powered Template Analysis
  * Bayesian A/B Testing
================================================================================

MODE: ITERATION 0 (Training ML Models)
================================================================================

================================================================================
STEP 1: KNOWLEDGE BANK EXTRACTION
================================================================================
[OK] Knowledge Bank outputs saved to data/output

================================================================================
STEP 2:  DATA INGESTION
================================================================================

[Stats] Loading user data from data/sample/user_data_sample.csv...
   Loaded 1000 users

[Warn] Auto-filling missing columns...
   ΓÇó Added 'feature_age_group_used' with default values
   ΓÇó Added 'feature_ai_tutor_conversations_used' with default values
   ΓÇó Added 'feature_daily_guided_speaking_practice_used' with default values
   ΓÇó Added 'feature_gamification_coins_streaks_leaderboards_used' with default values
   ΓÇó Added 'feature_panindia_tier_1_2_3_used' with default values
   ΓÇó Added 'feature_primary_tier_2__3_used' with default values
   ΓÇó Added 'feature_progress_reports_used' with default values
   ΓÇó Added 'feature_rolebased_practice_scenarios_used' with default values

[Find] Validating data...

≡ƒº╣ Cleaning data...
[OK] Data validation and cleaning complete

[Tool] Engineering features...
   [OK] Activeness score (mean: 0.45)
   [OK] Gamification propensity (mean: 0.28)
   [OK] Social propensity (mean: 0.26)
   [OK] AI tutor propensity (mean: 0.27)
   [OK] Leaderboard propensity (mean: 0.24)
   [OK] Churn risk (mean: 0.50)

Dataset: 1000 users | Avg Active: 0.45 | Avg Churn Risk: 0.50

================================================================================
STEP 3:  SEGMENTATION (RFM + Hierarchical)
================================================================================

[*] ML-Powered Segmentation...
   Users: 1000 | Features: 27

   [Stats] Step 1: RFM Analysis
      [OK] RFM Distribution:
rfm_segment
Lost                  217
Promising             202
Needs Attention       195
At Risk               183
Potential Loyalist    116
Loyal                  65
Champions              22
   [Tool] Step 2: Feature Engineering
   [Find] Step 3: Optimal Cluster Count Selection
      [Stats] Silhouette optimal K: 8 (score: 0.158)
      [Stats] Davies-Bouldin optimal K: 8 (score: 1.463)
      [Stats] Elbow optimal K: 9
      [OK] Optimal K: 8
   [Tree] Step 4: Hierarchical Clustering
      [OK] Created 8 segments using hierarchical clustering
   [List] Step 5: Segment Profiling
   [Tag]  Step 6: Intelligent Segment Naming

ΓòÉΓòÉΓòÉΓòÉΓòÉΓòÉΓòÉΓòÉΓòÉΓòÉΓòÉΓòÉΓòÉΓòÉΓòÉΓòÉΓòÉΓòÉΓòÉΓòÉΓòÉΓòÉΓòÉΓòÉΓòÉΓòÉΓòÉΓòÉΓòÉΓòÉΓòÉΓòÉΓòÉΓòÉΓòÉΓòÉΓòÉΓòÉΓòÉΓòÉΓòÉΓòÉΓòÉΓòÉΓòÉΓòÉΓòÉΓòÉΓòÉΓòÉΓòÉΓòÉΓòÉΓòÉΓòÉΓòÉΓòÉΓòÉΓòÉΓòÉΓòÉΓòÉΓòÉΓòÉΓòÉΓòÉΓòÉΓòÉΓòÉΓòÉΓòÉΓòÉΓòÉΓòÉΓòÉΓòÉΓòÉΓòÉΓòÉΓòÉ
SEGMENT ANALYSIS
ΓòÉΓòÉΓòÉΓòÉΓòÉΓòÉΓòÉΓòÉΓòÉΓòÉΓòÉΓòÉΓòÉΓòÉΓòÉΓòÉΓòÉΓòÉΓòÉΓòÉΓòÉΓòÉΓòÉΓòÉΓòÉΓòÉΓòÉΓòÉΓòÉΓòÉΓòÉΓòÉΓòÉΓòÉΓòÉΓòÉΓòÉΓòÉΓòÉΓòÉΓòÉΓòÉΓòÉΓòÉΓòÉΓòÉΓòÉΓòÉΓòÉΓòÉΓòÉΓòÉΓòÉΓòÉΓòÉΓòÉΓòÉΓòÉΓòÉΓòÉΓòÉΓòÉΓòÉΓòÉΓòÉΓòÉΓòÉΓòÉΓòÉΓòÉΓòÉΓòÉΓòÉΓòÉΓòÉΓòÉΓòÉΓòÉΓòÉΓòÉ

[*] Segment 0: Independent Learners
   Size: 291 users (29.1%)
   RFM: 3.21 (Promising)
   Activeness: 0.47 | Churn Risk: 0.48
   Gamification: 0.32 | Social: 0.21
   Lifecycle: Trial 40% | Paid 34% | Churned 14%

[*] Segment 1: Needs Attention
   Size: 201 users (20.1%)
   RFM: 2.41 (Lost)
   Activeness: 0.43 | Churn Risk: 0.52
   Gamification: 0.30 | Social: 0.39
   Lifecycle: Trial 40% | Paid 35% | Churned 15%

[*] Segment 2: Independent Learners
   Size: 231 users (23.1%)
   RFM: 1.87 (Lost)
   Activeness: 0.41 | Churn Risk: 0.53
   Gamification: 0.27 | Social: 0.12
   Lifecycle: Trial 48% | Paid 32% | Churned 11%

[*] Segment 3: Emerging Engagers
   Size: 22 users (2.2%)
   RFM: 3.59 (Promising)
   Activeness: 0.48 | Churn Risk: 0.46
   Gamification: 0.29 | Social: 0.25
   Lifecycle: Trial 32% | Paid 32% | Churned 18%

[*] Segment 4: At-Risk Users
   Size: 52 users (5.2%)
   RFM: 2.59 (Lost)
   Activeness: 0.26 | Churn Risk: 0.78
   Gamification: 0.17 | Social: 0.30
   Lifecycle: Trial 35% | Paid 38% | Churned 17%

[*] Segment 5: Casual Learners
   Size: 81 users (8.1%)
   RFM: 2.95 (Needs Attention)
   Activeness: 0.54 | Churn Risk: 0.38
   Gamification: 0.26 | Social: 0.19
   Lifecycle: Trial 44% | Paid 27% | Churned 17%

[*] Segment 6: Casual Learners
   Size: 119 users (11.9%)
   RFM: 3.32 (Promising)
   Activeness: 0.53 | Churn Risk: 0.40
   Gamification: 0.27 | Social: 0.47
   Lifecycle: Trial 41% | Paid 36% | Churned 16%

[*] Segment 7: Casual Learners
   Size: 3 users (0.3%)
   RFM: 4.50 (Champions)
   Activeness: 0.59 | Churn Risk: 0.35
   Gamification: 0.36 | Social: 0.33
   Lifecycle: Trial 67% | Paid 33% | Churned 0%

Γ£à Saved: data/output/user_segments.csv

================================================================================
STEP 4: TRAINING ML PROPENSITY MODELS
================================================================================

[*] Training Churn Prediction Model (XGBoost)...
   [OK] AUC Score: 1.0000
   [OK] Cross-Val AUC: 0.9997 (┬▒0.0005)
   [OK] Top Features: streak_current, activeness, sessions_last_7d

[*] Training Engagement Propensity Model (LightGBM)...
   [OK] RMSE: 1.9543
   [OK] R┬▓ Score: 0.8700
   [OK] Top Features: social_propensity, churn_risk, activeness

[Stats] Generating Propensity Scores...
   [OK] Generated propensity scores for 1000 users
   [OK] Avg Churn Propensity: 0.037
   [OK] Avg Engagement Propensity: 0.384
   [OK] Saved: data/output/models/churn_model.pkl
   [OK] Saved: data/output/models/engagement_model.pkl
   [OK] Saved: data/output/ml_model_performance.csv

================================================================================
STEP 5: INTELLIGENT GOAL BUILDING
================================================================================

[*] Building goals and journeys...
   [OK] Created 104 goal definitions
   [OK] Covering 8 segments ├ù 4 lifecycle stages
[OK] Goals saved to data/output/segment_goals.csv

================================================================================
STEP 6: BEHAVIORAL THEME MAPPING
================================================================================

[Theme] Generating communication themes...
   [OK] Generated 32 theme mappings
   [OK] Covering 8 segments ├ù 4 lifecycle stages
[OK] Themes saved to data/output/communication_themes.csv

================================================================================
STEP 7: TEMPLATE GENERATION + NLP OPTIMIZATION
================================================================================

[Edit]  Generating message templates...
   [OK] Generated 720 bilingual templates
   [OK] Each template has English + Hinglish columns

≡ƒô¥ NLP Template Analysis...
   [OK] Analyzed 720 templates
   [OK] Avg sentiment: 0.079
   [OK] Avg engagement score: 0.150
[OK] Templates saved to data/output/message_templates.csv

================================================================================
STEP 8: TIMING OPTIMIZATION (Behavioral Patterns)
================================================================================

[Time] Advanced Timing Optimization with Survival Analysis...
   [Stats] Analyzing user behavioral patterns...
   [OK] Generated 16 timing recommendations

[+] Optimizing Notification Frequency...
   [OK] Generated frequency recommendations for 8 segments
   [OK] Avg daily notifications: 5.8

[OK] Saved: data/output/timing_recommendations.csv
[OK] Saved: data/output/timing_recommendations_improved.csv

================================================================================
STEP 9: PERSONALIZED SCHEDULE GENERATION
================================================================================

≡ƒôà Generating notification schedules for 100 users...
   [OK] Generated 700 schedule entries
   [OK] Covering 100 users ├ù 7 days
[OK] Schedules saved to data/output/user_notification_schedule.csv

================================================================================
STEP 10: MULTI-ARMED BANDIT INITIALIZATION
================================================================================

≡ƒÄ░ Initializing Multi-Armed Bandit System...
   [OK] Initialized 720 bandit arms

Γ£à Saved bandit state: data/output/bandit_state.json

================================================================================
ITERATION 0 COMPLETE - ML MODELS TRAINED
================================================================================

Outputs saved to: data/output/

Next: Run Iteration 1 with experiment results for learning
